[H[2J[3J[0;34m╔════════════════════════════════════════════╗[0m
[0;34m║  VeraCrypt Offline Installation Helper    ║[0m
[0;34m╔════════════════════════════════════════════╗[0m

[1;33mCurrent Status:[0m
  [0;32m✓[0m Dependencies downloaded
  [0;32m✓[0m VeraCrypt installer present
  [0;31m✗[0m VeraCrypt not installed

[1;33mAvailable Actions:[0m

1. Download dependencies (requires internet)
2. Install VeraCrypt offline (no internet needed)
3. Verify installation
4. Launch VeraCrypt
5. View README
6. View installation checklist
7. Uninstall VeraCrypt
8. Exit

Select an option [1-8]: 
[1;33mStarting offline installation...[0m
[0;31mThis requires sudo privileges.[0m

[0;32m================================[0m
[0;32mVeraCrypt Offline Installer[0m
[0;32m================================[0m

[0;32mFound VeraCrypt installer: veracrypt-1.26.7-setup.tar.bz2[0m

[1;33mStep 1: Installing dependencies...[0m
[0;32mFound 29 package(s) to install[0m
[1;33mInstalling packages (this may take a moment)...[0m
(Reading database ... 210655 files and directories currently installed.)
Preparing to unpack .../dbus-bin_1.14.10-4ubuntu4.1_amd64.deb ...
Preparing to unpack .../dbus-daemon_1.14.10-4ubuntu4.1_amd64.deb ...
Preparing to unpack .../dbus-session-bus-common_1.14.10-4ubuntu4.1_all.deb ...
Preparing to unpack .../dbus-x11_1.14.10-4ubuntu4.1_amd64.deb ...
Preparing to unpack .../dmsetup_2%3a1.02.185-3ubuntu3.2_amd64.deb ...
dpkg: version 1.18.0-3build1 of libcairo2:amd64 already installed, skipping
Preparing to unpack .../debs/libccid_1.5.5-1_amd64.deb ...
Preparing to unpack .../libdbus-1-3_1.14.10-4ubuntu4.1_amd64.deb ...
Preparing to unpack .../libdevmapper1.02.1_2%3a1.02.185-3ubuntu3.2_amd64.deb ...
dpkg: version 2.15.0-1.1ubuntu2 of libfontconfig1:amd64 already installed, skipping
Preparing to unpack .../libfuse2t64_2.9.9-8.1build1_amd64.deb ...
Preparing to unpack .../libgdk-pixbuf-2.0-0_2.42.10+dfsg-3ubuntu3.2_amd64.deb ...
dpkg: regarding .../libglib2.0-0t64_2.80.0-6ubuntu3.4_amd64.deb containing libglib2.0-0t64:amd64:
 libglib2.0-0t64:amd64 breaks gnome-shell (<< 46.0-0ubuntu5.1~)
  gnome-shell (version 46.0-0ubuntu5) is present and installed.

dpkg: error processing archive /home/ubuntu/Desktop/veracrypt-offline-installer/veracrypt-offline-debian-trixie-sid-20251116/veracrypt-offline-installer/debs/libglib2.0-0t64_2.80.0-6ubuntu3.4_amd64.deb (--install):
 installing libglib2.0-0t64:amd64 would break gnome-shell, and
 deconfiguration is not permitted (--auto-deconfigure might help)
Preparing to unpack .../libgtk-3-0t64_3.24.41-4ubuntu1.3_amd64.deb ...
dpkg: version 8c-2ubuntu11 of libjpeg8:amd64 already installed, skipping
dpkg: version 0.8.3-1build2 of libnotify4:amd64 already installed, skipping
dpkg: version 1.52.1+ds-1build1 of libpango-1.0-0:amd64 already installed, skipping
dpkg: version 1.52.1+ds-1build1 of libpangocairo-1.0-0:amd64 already installed, skipping
dpkg: version 1.52.1+ds-1build1 of libpangoft2-1.0-0:amd64 already installed, skipping
dpkg: version 1.6.43-5build1 of libpng16-16t64:amd64 already installed, skipping
dpkg: version 2:1.2.3-1build3 of libsm6:amd64 already installed, skipping
Preparing to unpack .../libtiff6_4.5.1+git230720-4ubuntu2.4_amd64.deb ...
dpkg: version 2:1.0.27-1 of libusb-1.0-0:amd64 already installed, skipping
Preparing to unpack .../libwxbase3.2-1t64_3.2.4+dfsg-4build1_amd64.deb ...
Preparing to unpack .../libwxgtk3.2-1t64_3.2.4+dfsg-4build1_amd64.deb ...
dpkg: version 2:1.8.7-1build1 of libx11-6:amd64 already installed, skipping
dpkg: version 1.6.0-1build1 of libxkbcommon0:amd64 already installed, skipping
dpkg: version 2:1.2.3-1.1build1 of libxtst6:amd64 already installed, skipping
Preparing to unpack .../pcscd_2.0.3-1build1_amd64.deb ...
Setting up dbus-session-bus-common (1.14.10-4ubuntu4.1) ...
Setting up libccid (1.5.5-1) ...
Setting up libdbus-1-3:amd64 (1.14.10-4ubuntu4.1) ...
Setting up libdevmapper1.02.1:amd64 (2:1.02.185-3ubuntu3.2) ...
Setting up libfuse2t64:amd64 (2.9.9-8.1build1) ...
dpkg: dependency problems prevent configuration of libgdk-pixbuf-2.0-0:amd64:
 libgdk-pixbuf-2.0-0:amd64 depends on libgdk-pixbuf2.0-common (>= 2.42.10+dfsg-3ubuntu3.2); however:
  Version of libgdk-pixbuf2.0-common on system is 2.42.10+dfsg-3ubuntu3.

dpkg: error processing package libgdk-pixbuf-2.0-0:amd64 (--install):
 dependency problems - leaving unconfigured
dpkg: dependency problems prevent configuration of libgtk-3-0t64:amd64:
 libgtk-3-0t64:amd64 depends on libgdk-pixbuf-2.0-0 (>= 2.40.0); however:
  Package libgdk-pixbuf-2.0-0:amd64 is not configured yet.
 libgtk-3-0t64:amd64 depends on libgtk-3-common (>= 3.24.41-4ubuntu1.3); however:
  Version of libgtk-3-common on system is 3.24.41-4ubuntu1.

dpkg: error processing package libgtk-3-0t64:amd64 (--install):
 dependency problems - leaving unconfigured
Setting up libtiff6:amd64 (4.5.1+git230720-4ubuntu2.4) ...
Setting up libwxbase3.2-1t64:amd64 (3.2.4+dfsg-4build1) ...
dpkg: dependency problems prevent configuration of libwxgtk3.2-1t64:amd64:
 libwxgtk3.2-1t64:amd64 depends on libgdk-pixbuf-2.0-0 (>= 2.22.0); however:
  Package libgdk-pixbuf-2.0-0:amd64 is not configured yet.
 libwxgtk3.2-1t64:amd64 depends on libgtk-3-0t64 (>= 3.22.25); however:
  Package libgtk-3-0t64:amd64 is not configured yet.

dpkg: error processing package libwxgtk3.2-1t64:amd64 (--install):
 dependency problems - leaving unconfigured
Setting up pcscd (2.0.3-1build1) ...
Created symlink /etc/systemd/system/sockets.target.wants/pcscd.socket → /usr/lib/systemd/system/pcscd.socket.
pcscd.service is a disabled or a static unit, not starting it.
Setting up dbus-bin (1.14.10-4ubuntu4.1) ...
Setting up dbus-daemon (1.14.10-4ubuntu4.1) ...
Setting up dbus-x11 (1.14.10-4ubuntu4.1) ...
Setting up dmsetup (2:1.02.185-3ubuntu3.2) ...
Processing triggers for man-db (2.12.0-4build2) ...
Processing triggers for initramfs-tools (0.142ubuntu25) ...
update-initramfs is disabled since running on read-only media
Processing triggers for libc-bin (2.39-0ubuntu8) ...
Errors were encountered while processing:
 /home/ubuntu/Desktop/veracrypt-offline-installer/veracrypt-offline-debian-trixie-sid-20251116/veracrypt-offline-installer/debs/libglib2.0-0t64_2.80.0-6ubuntu3.4_amd64.deb
 libgdk-pixbuf-2.0-0:amd64
 libgtk-3-0t64:amd64
 libwxgtk3.2-1t64:amd64
[1;33mConfiguring packages...[0m
 dependency problems - leaving unconfigured
Errors were encountered while processing:
 libgtk-3-0t64:amd64
 libgdk-pixbuf-2.0-0:amd64
 libwxgtk3.2-1t64:amd64
[0;32mDependencies installed successfully.[0m

[1;33mStep 2: Installing VeraCrypt...[0m
[0;32mExtracting VeraCrypt installer...[0m
[0;32mInstalling VeraCrypt with GUI support...[0m
Verifying archive integrity... All good.
Uncompressing VeraCrypt 1.26.7 Installer

[1;33mStep 3: Verifying installation...[0m
[0;31m✗ VeraCrypt installation verification failed[0m
[1;33mYou may need to manually check /usr/bin/veracrypt[0m

[1;33mStep 4: Loading kernel modules...[0m
[0;32m  ✓ Loaded module: dm-crypt[0m
[0;32m  ✓ Loaded module: dm-mod[0m
[0;32m  ✓ Loaded module: loop[0m

[0;32m================================[0m
[0;32mInstallation Complete![0m
[0;32m================================[0m

[1;33mYou can now run VeraCrypt by typing:[0m
  [0;32mveracrypt[0m

[1;33mOr find it in your applications menu.[0m


[0;34mPress Enter to exit...[0m
./menu.sh: line 187: read: read error: 0: Input/output error
